Invoked as: ./configure --prefix=/usr --enable-readline
Tclsh: /workspaces/rift10/projects/sqlite/sqlite-autoconf-3490000/jimsh0
Failed: cc conftest__.c -o conftest__
/usr/bin/ld: /tmp/ccON1p46.o: in function `main':
conftest__.c:(.text+0x5): undefined reference to `localtime_s'
collect2: error: ld returned 1 exit status
============
The failed code was:
extern void localtime_s(void);
int main(void) {
localtime_s();
return 0;
}
============
Failed: cc conftest__.c -o conftest__
/usr/bin/ld: /tmp/ccwj8AZ9.o: in function `main':
conftest__.c:(.text+0x5): undefined reference to `deflate'
collect2: error: ld returned 1 exit status
============
The failed code was:
extern void deflate(void);
int main(void) {
deflate();
return 0;
}
============
Failed: cc -c -rpath /usr/lib conftest__.c -o conftest__.o
cc: error: unrecognized command-line option ‘-rpath’
============
The failed code was:
int main(void) {

return 0;
}
============
Failed: cc -O2 -g conftest__.c -o conftest__
/usr/bin/ld: /tmp/cce12Qkd.o: in function `main':
/workspaces/rift10/projects/sqlite/sqlite-autoconf-3490000/conftest__.c:3: undefined reference to `pthread_create'
collect2: error: ld returned 1 exit status
============
The failed code was:
extern void pthread_create(void);
int main(void) {
pthread_create();
return 0;
}
============
Failed: cc -O2 -g conftest__.c -o conftest__
/usr/bin/ld: /tmp/ccTCF9XY.o: in function `main':
/workspaces/rift10/projects/sqlite/sqlite-autoconf-3490000/conftest__.c:3: undefined reference to `pthread_mutexattr_init'
collect2: error: ld returned 1 exit status
============
The failed code was:
extern void pthread_mutexattr_init(void);
int main(void) {
pthread_mutexattr_init();
return 0;
}
============
Failed: cc -O2 -g conftest__.c -o conftest__
/usr/bin/ld: /tmp/ccIszwAN.o: in function `main':
/workspaces/rift10/projects/sqlite/sqlite-autoconf-3490000/conftest__.c:3: undefined reference to `tgetent'
collect2: error: ld returned 1 exit status
============
The failed code was:
extern void tgetent(void);
int main(void) {
tgetent();
return 0;
}
============
Failed: cc -O2 -g conftest__.c -o conftest__ -lreadline
/usr/bin/ld: /tmp/cctFLAod.o: in function `main':
/workspaces/rift10/projects/sqlite/sqlite-autoconf-3490000/conftest__.c:3: undefined reference to `tgetent'
collect2: error: ld returned 1 exit status
============
The failed code was:
extern void tgetent(void);
int main(void) {
tgetent();
return 0;
}
============
Failed: cc -O2 -g conftest__.c -o conftest__ -lncurses
/usr/bin/ld: /tmp/cckjKyJQ.o: in function `main':
/workspaces/rift10/projects/sqlite/sqlite-autoconf-3490000/conftest__.c:3: undefined reference to `readline'
collect2: error: ld returned 1 exit status
============
The failed code was:
extern void readline(void);
int main(void) {
readline();
return 0;
}
============
Failed: cc -O2 -g conftest__.c -o conftest__
/usr/bin/ld: /tmp/ccedP0zQ.o: in function `main':
/workspaces/rift10/projects/sqlite/sqlite-autoconf-3490000/conftest__.c:3: undefined reference to `dlopen'
collect2: error: ld returned 1 exit status
============
The failed code was:
extern void dlopen(void);
int main(void) {
dlopen();
return 0;
}
============
Failed: cc -O2 -g conftest__.c -o conftest__
conftest__.c:1:13: warning: conflicting types for built-in function ‘ceil’; expected ‘double(double)’ [-Wbuiltin-declaration-mismatch]
    1 | extern void ceil(void);
      |             ^~~~
conftest__.c:1:1: note: ‘ceil’ is declared in header ‘<math.h>’
  +++ |+#include <math.h>
    1 | extern void ceil(void);
/usr/bin/ld: /tmp/ccRI4THC.o: in function `main':
/workspaces/rift10/projects/sqlite/sqlite-autoconf-3490000/conftest__.c:3: undefined reference to `ceil'
collect2: error: ld returned 1 exit status
============
The failed code was:
extern void ceil(void);
int main(void) {
ceil();
return 0;
}
============
